// Jest Snapshot v1, https://goo.gl/fbAQLP

exports[`should match the snapshot 1`] = `
<section
  className="begin-game"
>
  <div
    className="planet-orbit"
  />
  <div
    className="button-text"
  >
    <NavLink
      activeClassName="active"
      aria-current="page"
      className="game-nav"
      to="/gametime"
    >
      Start!!!
    </NavLink>
  </div>
  <div
    className="planet-orbit"
  />
</section>
`;
