// Jest Snapshot v1, https://goo.gl/fbAQLP

exports[`study should match the snapshot 1`] = `
<section
  className="card-container"
/>
`;
