// Jest Snapshot v1, https://goo.gl/fbAQLP

exports[`StarDetails should match the snapshot 1`] = `
<section
  className="individual-card"
>
  <Link
    className="back-btn"
    replace={false}
    to="/hubble-bubble/studytime"
  >
    â—€ back
  </Link>
  <h2
    className="individual-name"
  />
  <img
    height="500"
    width="500"
  />
  <p
    className="individual-description"
  />
</section>
`;
